Datapoint name;Value;Timestamp;Selected;DP Status;
subsystem1.device1.dp1;;;;0;
subsystem1.device1.dp10;;;;0;
subsystem1.device1.dp100;;;;0;
subsystem1.device1.dp101;;;;0;
subsystem1.device1.dp102;;;;0;
subsystem1.device1.dp103;;;;0;
subsystem1.device1.dp104;;;;0;
subsystem1.device1.dp105;;;;0;
subsystem1.device1.dp106;;;;0;
subsystem1.device1.dp107;;;;0;
subsystem1.device1.dp108;;;;0;
subsystem1.device1.dp109;;;;0;
subsystem1.device1.dp11;;;;0;
subsystem1.device1.dp110;;;;0;
subsystem1.device1.dp111;;;;0;
subsystem1.device1.dp112;;;;0;
subsystem1.device1.dp113;;;;0;
subsystem1.device1.dp114;;;;0;
subsystem1.device1.dp115;;;;0;
subsystem1.device1.dp116;;;;0;
subsystem1.device1.dp117;;;;0;
subsystem1.device1.dp118;;;;0;
subsystem1.device1.dp119;;;;0;
subsystem1.device1.dp12;;;;0;
subsystem1.device1.dp120;;;;0;
subsystem1.device1.dp121;;;;0;
subsystem1.device1.dp122;;;;0;
subsystem1.device1.dp123;;;;0;
subsystem1.device1.dp124;;;;0;
subsystem1.device1.dp125;;;;0;
subsystem1.device1.dp126;;;;0;
subsystem1.device1.dp127;;;;0;
subsystem1.device1.dp128;;;;0;
subsystem1.device1.dp129;;;;0;
subsystem1.device1.dp13;;;;0;
subsystem1.device1.dp130;;;;0;
subsystem1.device1.dp131;;;;0;
subsystem1.device1.dp132;;;;0;
subsystem1.device1.dp133;;;;0;
subsystem1.device1.dp134;;;;0;
subsystem1.device1.dp135;;;;0;
subsystem1.device1.dp136;;;;0;
subsystem1.device1.dp137;;;;0;
subsystem1.device1.dp138;;;;0;
subsystem1.device1.dp139;;;;0;
subsystem1.device1.dp14;;;;0;
subsystem1.device1.dp140;;;;0;
subsystem1.device1.dp141;;;;0;
subsystem1.device1.dp142;;;;0;
subsystem1.device1.dp143;;;;0;
subsystem1.device1.dp144;;;;0;
subsystem1.device1.dp145;;;;0;
subsystem1.device1.dp146;;;;0;
subsystem1.device1.dp147;;;;0;
subsystem1.device1.dp148;;;;0;
subsystem1.device1.dp149;;;;0;
subsystem1.device1.dp15;;;;0;
subsystem1.device1.dp150;;;;0;
subsystem1.device1.dp151;;;;0;
subsystem1.device1.dp152;;;;0;
subsystem1.device1.dp153;;;;0;
subsystem1.device1.dp154;;;;0;
subsystem1.device1.dp155;;;;0;
subsystem1.device1.dp156;;;;0;
subsystem1.device1.dp157;;;;0;
subsystem1.device1.dp158;;;;0;
subsystem1.device1.dp159;;;;0;
subsystem1.device1.dp16;;;;0;
subsystem1.device1.dp160;;;;0;
subsystem1.device1.dp161;;;;0;
subsystem1.device1.dp162;;;;0;
subsystem1.device1.dp163;;;;0;
subsystem1.device1.dp164;;;;0;
subsystem1.device1.dp165;;;;0;
subsystem1.device1.dp166;;;;0;
subsystem1.device1.dp167;;;;0;
subsystem1.device1.dp168;;;;0;
subsystem1.device1.dp169;;;;0;
subsystem1.device1.dp17;;;;0;
subsystem1.device1.dp170;;;;0;
subsystem1.device1.dp171;;;;0;
subsystem1.device1.dp172;;;;0;
subsystem1.device1.dp173;;;;0;
subsystem1.device1.dp174;;;;0;
subsystem1.device1.dp175;;;;0;
subsystem1.device1.dp176;;;;0;
subsystem1.device1.dp177;;;;0;
subsystem1.device1.dp178;;;;0;
subsystem1.device1.dp179;;;;0;
subsystem1.device1.dp18;;;;0;
subsystem1.device1.dp180;;;;0;
subsystem1.device1.dp181;;;;0;
subsystem1.device1.dp182;;;;0;
subsystem1.device1.dp183;;;;0;
subsystem1.device1.dp184;;;;0;
subsystem1.device1.dp185;;;;0;
subsystem1.device1.dp186;;;;0;
subsystem1.device1.dp187;;;;0;
subsystem1.device1.dp188;;;;0;
subsystem1.device1.dp189;;;;0;
subsystem1.device1.dp19;;;;0;
subsystem1.device1.dp190;;;;0;
subsystem1.device1.dp191;;;;0;
subsystem1.device1.dp192;;;;0;
subsystem1.device1.dp193;;;;0;
subsystem1.device1.dp194;;;;0;
subsystem1.device1.dp195;;;;0;
subsystem1.device1.dp196;;;;0;
subsystem1.device1.dp197;;;;0;
subsystem1.device1.dp198;;;;0;
subsystem1.device1.dp199;;;;0;
subsystem1.device1.dp2;;;;0;
subsystem1.device1.dp20;;;;0;
subsystem1.device1.dp200;;;;0;
subsystem1.device1.dp201;;;;0;
subsystem1.device1.dp202;;;;0;
subsystem1.device1.dp203;;;;0;
subsystem1.device1.dp204;;;;0;
subsystem1.device1.dp205;;;;0;
subsystem1.device1.dp206;;;;0;
subsystem1.device1.dp207;;;;0;
subsystem1.device1.dp208;;;;0;
subsystem1.device1.dp209;;;;0;
subsystem1.device1.dp21;;;;0;
subsystem1.device1.dp210;;;;0;
subsystem1.device1.dp211;;;;0;
subsystem1.device1.dp212;;;;0;
subsystem1.device1.dp213;;;;0;
subsystem1.device1.dp214;;;;0;
subsystem1.device1.dp215;;;;0;
subsystem1.device1.dp216;;;;0;
subsystem1.device1.dp217;;;;0;
subsystem1.device1.dp218;;;;0;
subsystem1.device1.dp219;;;;0;
subsystem1.device1.dp22;;;;0;
subsystem1.device1.dp220;;;;0;
subsystem1.device1.dp221;;;;0;
subsystem1.device1.dp222;;;;0;
subsystem1.device1.dp223;;;;0;
subsystem1.device1.dp224;;;;0;
subsystem1.device1.dp225;;;;0;
subsystem1.device1.dp226;;;;0;
subsystem1.device1.dp227;;;;0;
subsystem1.device1.dp228;;;;0;
subsystem1.device1.dp229;;;;0;
subsystem1.device1.dp23;;;;0;
subsystem1.device1.dp230;;;;0;
subsystem1.device1.dp231;;;;0;
subsystem1.device1.dp232;;;;0;
subsystem1.device1.dp233;;;;0;
subsystem1.device1.dp234;;;;0;
subsystem1.device1.dp235;;;;0;
subsystem1.device1.dp236;;;;0;
subsystem1.device1.dp237;;;;0;
subsystem1.device1.dp238;;;;0;
subsystem1.device1.dp239;;;;0;
subsystem1.device1.dp24;;;;0;
subsystem1.device1.dp240;;;;0;
subsystem1.device1.dp241;;;;0;
subsystem1.device1.dp242;;;;0;
subsystem1.device1.dp243;;;;0;
subsystem1.device1.dp244;;;;0;
subsystem1.device1.dp245;;;;0;
subsystem1.device1.dp246;;;;0;
subsystem1.device1.dp247;;;;0;
subsystem1.device1.dp248;;;;0;
subsystem1.device1.dp249;;;;0;
subsystem1.device1.dp25;;;;0;
subsystem1.device1.dp250;;;;0;
subsystem1.device1.dp26;;;;0;
subsystem1.device1.dp27;;;;0;
subsystem1.device1.dp28;;;;0;
subsystem1.device1.dp29;;;;0;
subsystem1.device1.dp3;;;;0;
subsystem1.device1.dp30;;;;0;
subsystem1.device1.dp31;;;;0;
subsystem1.device1.dp32;;;;0;
subsystem1.device1.dp33;;;;0;
subsystem1.device1.dp34;;;;0;
subsystem1.device1.dp35;;;;0;
subsystem1.device1.dp36;;;;0;
subsystem1.device1.dp37;;;;0;
subsystem1.device1.dp38;;;;0;
subsystem1.device1.dp39;;;;0;
subsystem1.device1.dp4;;;;0;
subsystem1.device1.dp40;;;;0;
subsystem1.device1.dp41;;;;0;
subsystem1.device1.dp42;;;;0;
subsystem1.device1.dp43;;;;0;
subsystem1.device1.dp44;;;;0;
subsystem1.device1.dp45;;;;0;
subsystem1.device1.dp46;;;;0;
subsystem1.device1.dp47;;;;0;
subsystem1.device1.dp48;;;;0;
subsystem1.device1.dp49;;;;0;
subsystem1.device1.dp5;;;;0;
subsystem1.device1.dp50;;;;0;
subsystem1.device1.dp51;;;;0;
subsystem1.device1.dp52;;;;0;
subsystem1.device1.dp53;;;;0;
subsystem1.device1.dp54;;;;0;
subsystem1.device1.dp55;;;;0;
subsystem1.device1.dp56;;;;0;
subsystem1.device1.dp57;;;;0;
subsystem1.device1.dp58;;;;0;
subsystem1.device1.dp59;;;;0;
subsystem1.device1.dp6;;;;0;
subsystem1.device1.dp60;;;;0;
subsystem1.device1.dp61;;;;0;
subsystem1.device1.dp62;;;;0;
subsystem1.device1.dp63;;;;0;
subsystem1.device1.dp64;;;;0;
subsystem1.device1.dp65;;;;0;
subsystem1.device1.dp66;;;;0;
subsystem1.device1.dp67;;;;0;
subsystem1.device1.dp68;;;;0;
subsystem1.device1.dp69;;;;0;
subsystem1.device1.dp7;;;;0;
subsystem1.device1.dp70;;;;0;
subsystem1.device1.dp71;;;;0;
subsystem1.device1.dp72;;;;0;
subsystem1.device1.dp73;;;;0;
subsystem1.device1.dp74;;;;0;
subsystem1.device1.dp75;;;;0;
subsystem1.device1.dp76;;;;0;
subsystem1.device1.dp77;;;;0;
subsystem1.device1.dp78;;;;0;
subsystem1.device1.dp79;;;;0;
subsystem1.device1.dp8;;;;0;
subsystem1.device1.dp80;;;;0;
subsystem1.device1.dp81;;;;0;
subsystem1.device1.dp82;;;;0;
subsystem1.device1.dp83;;;;0;
subsystem1.device1.dp84;;;;0;
subsystem1.device1.dp85;;;;0;
subsystem1.device1.dp86;;;;0;
subsystem1.device1.dp87;;;;0;
subsystem1.device1.dp88;;;;0;
subsystem1.device1.dp89;;;;0;
subsystem1.device1.dp9;;;;0;
subsystem1.device1.dp90;;;;0;
subsystem1.device1.dp91;;;;0;
subsystem1.device1.dp92;;;;0;
subsystem1.device1.dp93;;;;0;
subsystem1.device1.dp94;;;;0;
subsystem1.device1.dp95;;;;0;
subsystem1.device1.dp96;;;;0;
subsystem1.device1.dp97;;;;0;
subsystem1.device1.dp98;;;;0;
subsystem1.device1.dp99;;;;0;
subsystem1.device2.dp1;;;;0;
subsystem1.device2.dp10;;;;0;
subsystem1.device2.dp100;;;;0;
subsystem1.device2.dp101;;;;0;
subsystem1.device2.dp102;;;;0;
subsystem1.device2.dp103;;;;0;
subsystem1.device2.dp104;;;;0;
subsystem1.device2.dp105;;;;0;
subsystem1.device2.dp106;;;;0;
subsystem1.device2.dp107;;;;0;
subsystem1.device2.dp108;;;;0;
subsystem1.device2.dp109;;;;0;
subsystem1.device2.dp11;;;;0;
subsystem1.device2.dp110;;;;0;
subsystem1.device2.dp111;;;;0;
subsystem1.device2.dp112;;;;0;
subsystem1.device2.dp113;;;;0;
subsystem1.device2.dp114;;;;0;
subsystem1.device2.dp115;;;;0;
subsystem1.device2.dp116;;;;0;
subsystem1.device2.dp117;;;;0;
subsystem1.device2.dp118;;;;0;
subsystem1.device2.dp119;;;;0;
subsystem1.device2.dp12;;;;0;
subsystem1.device2.dp120;;;;0;
subsystem1.device2.dp121;;;;0;
subsystem1.device2.dp122;;;;0;
subsystem1.device2.dp123;;;;0;
subsystem1.device2.dp124;;;;0;
subsystem1.device2.dp125;;;;0;
subsystem1.device2.dp126;;;;0;
subsystem1.device2.dp127;;;;0;
subsystem1.device2.dp128;;;;0;
subsystem1.device2.dp129;;;;0;
subsystem1.device2.dp13;;;;0;
subsystem1.device2.dp130;;;;0;
subsystem1.device2.dp131;;;;0;
subsystem1.device2.dp132;;;;0;
subsystem1.device2.dp133;;;;0;
subsystem1.device2.dp134;;;;0;
subsystem1.device2.dp135;;;;0;
subsystem1.device2.dp136;;;;0;
subsystem1.device2.dp137;;;;0;
subsystem1.device2.dp138;;;;0;
subsystem1.device2.dp139;;;;0;
subsystem1.device2.dp14;;;;0;
subsystem1.device2.dp140;;;;0;
subsystem1.device2.dp141;;;;0;
subsystem1.device2.dp142;;;;0;
subsystem1.device2.dp143;;;;0;
subsystem1.device2.dp144;;;;0;
subsystem1.device2.dp145;;;;0;
subsystem1.device2.dp146;;;;0;
subsystem1.device2.dp147;;;;0;
subsystem1.device2.dp148;;;;0;
subsystem1.device2.dp149;;;;0;
subsystem1.device2.dp15;;;;0;
subsystem1.device2.dp150;;;;0;
subsystem1.device2.dp151;;;;0;
subsystem1.device2.dp152;;;;0;
subsystem1.device2.dp153;;;;0;
subsystem1.device2.dp154;;;;0;
subsystem1.device2.dp155;;;;0;
subsystem1.device2.dp156;;;;0;
subsystem1.device2.dp157;;;;0;
subsystem1.device2.dp158;;;;0;
subsystem1.device2.dp159;;;;0;
subsystem1.device2.dp16;;;;0;
subsystem1.device2.dp160;;;;0;
subsystem1.device2.dp161;;;;0;
subsystem1.device2.dp162;;;;0;
subsystem1.device2.dp163;;;;0;
subsystem1.device2.dp164;;;;0;
subsystem1.device2.dp165;;;;0;
subsystem1.device2.dp166;;;;0;
subsystem1.device2.dp167;;;;0;
subsystem1.device2.dp168;;;;0;
subsystem1.device2.dp169;;;;0;
subsystem1.device2.dp17;;;;0;
subsystem1.device2.dp170;;;;0;
subsystem1.device2.dp171;;;;0;
subsystem1.device2.dp172;;;;0;
subsystem1.device2.dp173;;;;0;
subsystem1.device2.dp174;;;;0;
subsystem1.device2.dp175;;;;0;
subsystem1.device2.dp176;;;;0;
subsystem1.device2.dp177;;;;0;
subsystem1.device2.dp178;;;;0;
subsystem1.device2.dp179;;;;0;
subsystem1.device2.dp18;;;;0;
subsystem1.device2.dp180;;;;0;
subsystem1.device2.dp181;;;;0;
subsystem1.device2.dp182;;;;0;
subsystem1.device2.dp183;;;;0;
subsystem1.device2.dp184;;;;0;
subsystem1.device2.dp185;;;;0;
subsystem1.device2.dp186;;;;0;
subsystem1.device2.dp187;;;;0;
subsystem1.device2.dp188;;;;0;
subsystem1.device2.dp189;;;;0;
subsystem1.device2.dp19;;;;0;
subsystem1.device2.dp190;;;;0;
subsystem1.device2.dp191;;;;0;
subsystem1.device2.dp192;;;;0;
subsystem1.device2.dp193;;;;0;
subsystem1.device2.dp194;;;;0;
subsystem1.device2.dp195;;;;0;
subsystem1.device2.dp196;;;;0;
subsystem1.device2.dp197;;;;0;
subsystem1.device2.dp198;;;;0;
subsystem1.device2.dp199;;;;0;
subsystem1.device2.dp2;;;;0;
subsystem1.device2.dp20;;;;0;
subsystem1.device2.dp200;;;;0;
subsystem1.device2.dp201;;;;0;
subsystem1.device2.dp202;;;;0;
subsystem1.device2.dp203;;;;0;
subsystem1.device2.dp204;;;;0;
subsystem1.device2.dp205;;;;0;
subsystem1.device2.dp206;;;;0;
subsystem1.device2.dp207;;;;0;
subsystem1.device2.dp208;;;;0;
subsystem1.device2.dp209;;;;0;
subsystem1.device2.dp21;;;;0;
subsystem1.device2.dp210;;;;0;
subsystem1.device2.dp211;;;;0;
subsystem1.device2.dp212;;;;0;
subsystem1.device2.dp213;;;;0;
subsystem1.device2.dp214;;;;0;
subsystem1.device2.dp215;;;;0;
subsystem1.device2.dp216;;;;0;
subsystem1.device2.dp217;;;;0;
subsystem1.device2.dp218;;;;0;
subsystem1.device2.dp219;;;;0;
subsystem1.device2.dp22;;;;0;
subsystem1.device2.dp220;;;;0;
subsystem1.device2.dp221;;;;0;
subsystem1.device2.dp222;;;;0;
subsystem1.device2.dp223;;;;0;
subsystem1.device2.dp224;;;;0;
subsystem1.device2.dp225;;;;0;
subsystem1.device2.dp226;;;;0;
subsystem1.device2.dp227;;;;0;
subsystem1.device2.dp228;;;;0;
subsystem1.device2.dp229;;;;0;
subsystem1.device2.dp23;;;;0;
subsystem1.device2.dp230;;;;0;
subsystem1.device2.dp231;;;;0;
subsystem1.device2.dp232;;;;0;
subsystem1.device2.dp233;;;;0;
subsystem1.device2.dp234;;;;0;
subsystem1.device2.dp235;;;;0;
subsystem1.device2.dp236;;;;0;
subsystem1.device2.dp237;;;;0;
subsystem1.device2.dp238;;;;0;
subsystem1.device2.dp239;;;;0;
subsystem1.device2.dp24;;;;0;
subsystem1.device2.dp240;;;;0;
subsystem1.device2.dp241;;;;0;
subsystem1.device2.dp242;;;;0;
subsystem1.device2.dp243;;;;0;
subsystem1.device2.dp244;;;;0;
subsystem1.device2.dp245;;;;0;
subsystem1.device2.dp246;;;;0;
subsystem1.device2.dp247;;;;0;
subsystem1.device2.dp248;;;;0;
subsystem1.device2.dp249;;;;0;
subsystem1.device2.dp25;;;;0;
subsystem1.device2.dp250;;;;0;
subsystem1.device2.dp26;;;;0;
subsystem1.device2.dp27;;;;0;
subsystem1.device2.dp28;;;;0;
subsystem1.device2.dp29;;;;0;
subsystem1.device2.dp3;;;;0;
subsystem1.device2.dp30;;;;0;
subsystem1.device2.dp31;;;;0;
subsystem1.device2.dp32;;;;0;
subsystem1.device2.dp33;;;;0;
subsystem1.device2.dp34;;;;0;
subsystem1.device2.dp35;;;;0;
subsystem1.device2.dp36;;;;0;
subsystem1.device2.dp37;;;;0;
subsystem1.device2.dp38;;;;0;
subsystem1.device2.dp39;;;;0;
subsystem1.device2.dp4;;;;0;
subsystem1.device2.dp40;;;;0;
subsystem1.device2.dp41;;;;0;
subsystem1.device2.dp42;;;;0;
subsystem1.device2.dp43;;;;0;
subsystem1.device2.dp44;;;;0;
subsystem1.device2.dp45;;;;0;
subsystem1.device2.dp46;;;;0;
subsystem1.device2.dp47;;;;0;
subsystem1.device2.dp48;;;;0;
subsystem1.device2.dp49;;;;0;
subsystem1.device2.dp5;;;;0;
subsystem1.device2.dp50;;;;0;
subsystem1.device2.dp51;;;;0;
subsystem1.device2.dp52;;;;0;
subsystem1.device2.dp53;;;;0;
subsystem1.device2.dp54;;;;0;
subsystem1.device2.dp55;;;;0;
subsystem1.device2.dp56;;;;0;
subsystem1.device2.dp57;;;;0;
subsystem1.device2.dp58;;;;0;
subsystem1.device2.dp59;;;;0;
subsystem1.device2.dp6;;;;0;
subsystem1.device2.dp60;;;;0;
subsystem1.device2.dp61;;;;0;
subsystem1.device2.dp62;;;;0;
subsystem1.device2.dp63;;;;0;
subsystem1.device2.dp64;;;;0;
subsystem1.device2.dp65;;;;0;
subsystem1.device2.dp66;;;;0;
subsystem1.device2.dp67;;;;0;
subsystem1.device2.dp68;;;;0;
subsystem1.device2.dp69;;;;0;
subsystem1.device2.dp7;;;;0;
subsystem1.device2.dp70;;;;0;
subsystem1.device2.dp71;;;;0;
subsystem1.device2.dp72;;;;0;
subsystem1.device2.dp73;;;;0;
subsystem1.device2.dp74;;;;0;
subsystem1.device2.dp75;;;;0;
subsystem1.device2.dp76;;;;0;
subsystem1.device2.dp77;;;;0;
subsystem1.device2.dp78;;;;0;
subsystem1.device2.dp79;;;;0;
subsystem1.device2.dp8;;;;0;
subsystem1.device2.dp80;;;;0;
subsystem1.device2.dp81;;;;0;
subsystem1.device2.dp82;;;;0;
subsystem1.device2.dp83;;;;0;
subsystem1.device2.dp84;;;;0;
subsystem1.device2.dp85;;;;0;
subsystem1.device2.dp86;;;;0;
subsystem1.device2.dp87;;;;0;
subsystem1.device2.dp88;;;;0;
subsystem1.device2.dp89;;;;0;
subsystem1.device2.dp9;;;;0;
subsystem1.device2.dp90;;;;0;
subsystem1.device2.dp91;;;;0;
subsystem1.device2.dp92;;;;0;
subsystem1.device2.dp93;;;;0;
subsystem1.device2.dp94;;;;0;
subsystem1.device2.dp95;;;;0;
subsystem1.device2.dp96;;;;0;
subsystem1.device2.dp97;;;;0;
subsystem1.device2.dp98;;;;0;
subsystem1.device2.dp99;;;;0;
subsystem2.device1.dp1;;;;0;
subsystem2.device1.dp10;;;;0;
subsystem2.device1.dp100;;;;0;
subsystem2.device1.dp101;;;;0;
subsystem2.device1.dp102;;;;0;
subsystem2.device1.dp103;;;;0;
subsystem2.device1.dp104;;;;0;
subsystem2.device1.dp105;;;;0;
subsystem2.device1.dp106;;;;0;
subsystem2.device1.dp107;;;;0;
subsystem2.device1.dp108;;;;0;
subsystem2.device1.dp109;;;;0;
subsystem2.device1.dp11;;;;0;
subsystem2.device1.dp110;;;;0;
subsystem2.device1.dp111;;;;0;
subsystem2.device1.dp112;;;;0;
subsystem2.device1.dp113;;;;0;
subsystem2.device1.dp114;;;;0;
subsystem2.device1.dp115;;;;0;
subsystem2.device1.dp116;;;;0;
subsystem2.device1.dp117;;;;0;
subsystem2.device1.dp118;;;;0;
subsystem2.device1.dp119;;;;0;
subsystem2.device1.dp12;;;;0;
subsystem2.device1.dp120;;;;0;
subsystem2.device1.dp121;;;;0;
subsystem2.device1.dp122;;;;0;
subsystem2.device1.dp123;;;;0;
subsystem2.device1.dp124;;;;0;
subsystem2.device1.dp125;;;;0;
subsystem2.device1.dp126;;;;0;
subsystem2.device1.dp127;;;;0;
subsystem2.device1.dp128;;;;0;
subsystem2.device1.dp129;;;;0;
subsystem2.device1.dp13;;;;0;
subsystem2.device1.dp130;;;;0;
subsystem2.device1.dp131;;;;0;
subsystem2.device1.dp132;;;;0;
subsystem2.device1.dp133;;;;0;
subsystem2.device1.dp134;;;;0;
subsystem2.device1.dp135;;;;0;
subsystem2.device1.dp136;;;;0;
subsystem2.device1.dp137;;;;0;
subsystem2.device1.dp138;;;;0;
subsystem2.device1.dp139;;;;0;
subsystem2.device1.dp14;;;;0;
subsystem2.device1.dp140;;;;0;
subsystem2.device1.dp141;;;;0;
subsystem2.device1.dp142;;;;0;
subsystem2.device1.dp143;;;;0;
subsystem2.device1.dp144;;;;0;
subsystem2.device1.dp145;;;;0;
subsystem2.device1.dp146;;;;0;
subsystem2.device1.dp147;;;;0;
subsystem2.device1.dp148;;;;0;
subsystem2.device1.dp149;;;;0;
subsystem2.device1.dp15;;;;0;
subsystem2.device1.dp150;;;;0;
subsystem2.device1.dp151;;;;0;
subsystem2.device1.dp152;;;;0;
subsystem2.device1.dp153;;;;0;
subsystem2.device1.dp154;;;;0;
subsystem2.device1.dp155;;;;0;
subsystem2.device1.dp156;;;;0;
subsystem2.device1.dp157;;;;0;
subsystem2.device1.dp158;;;;0;
subsystem2.device1.dp159;;;;0;
subsystem2.device1.dp16;;;;0;
subsystem2.device1.dp160;;;;0;
subsystem2.device1.dp161;;;;0;
subsystem2.device1.dp162;;;;0;
subsystem2.device1.dp163;;;;0;
subsystem2.device1.dp164;;;;0;
subsystem2.device1.dp165;;;;0;
subsystem2.device1.dp166;;;;0;
subsystem2.device1.dp167;;;;0;
subsystem2.device1.dp168;;;;0;
subsystem2.device1.dp169;;;;0;
subsystem2.device1.dp17;;;;0;
subsystem2.device1.dp170;;;;0;
subsystem2.device1.dp171;;;;0;
subsystem2.device1.dp172;;;;0;
subsystem2.device1.dp173;;;;0;
subsystem2.device1.dp174;;;;0;
subsystem2.device1.dp175;;;;0;
subsystem2.device1.dp176;;;;0;
subsystem2.device1.dp177;;;;0;
subsystem2.device1.dp178;;;;0;
subsystem2.device1.dp179;;;;0;
subsystem2.device1.dp18;;;;0;
subsystem2.device1.dp180;;;;0;
subsystem2.device1.dp181;;;;0;
subsystem2.device1.dp182;;;;0;
subsystem2.device1.dp183;;;;0;
subsystem2.device1.dp184;;;;0;
subsystem2.device1.dp185;;;;0;
subsystem2.device1.dp186;;;;0;
subsystem2.device1.dp187;;;;0;
subsystem2.device1.dp188;;;;0;
subsystem2.device1.dp189;;;;0;
subsystem2.device1.dp19;;;;0;
subsystem2.device1.dp190;;;;0;
subsystem2.device1.dp191;;;;0;
subsystem2.device1.dp192;;;;0;
subsystem2.device1.dp193;;;;0;
subsystem2.device1.dp194;;;;0;
subsystem2.device1.dp195;;;;0;
subsystem2.device1.dp196;;;;0;
subsystem2.device1.dp197;;;;0;
subsystem2.device1.dp198;;;;0;
subsystem2.device1.dp199;;;;0;
subsystem2.device1.dp2;;;;0;
subsystem2.device1.dp20;;;;0;
subsystem2.device1.dp200;;;;0;
subsystem2.device1.dp201;;;;0;
subsystem2.device1.dp202;;;;0;
subsystem2.device1.dp203;;;;0;
subsystem2.device1.dp204;;;;0;
subsystem2.device1.dp205;;;;0;
subsystem2.device1.dp206;;;;0;
subsystem2.device1.dp207;;;;0;
subsystem2.device1.dp208;;;;0;
subsystem2.device1.dp209;;;;0;
subsystem2.device1.dp21;;;;0;
subsystem2.device1.dp210;;;;0;
subsystem2.device1.dp211;;;;0;
subsystem2.device1.dp212;;;;0;
subsystem2.device1.dp213;;;;0;
subsystem2.device1.dp214;;;;0;
subsystem2.device1.dp215;;;;0;
subsystem2.device1.dp216;;;;0;
subsystem2.device1.dp217;;;;0;
subsystem2.device1.dp218;;;;0;
subsystem2.device1.dp219;;;;0;
subsystem2.device1.dp22;;;;0;
subsystem2.device1.dp220;;;;0;
subsystem2.device1.dp221;;;;0;
subsystem2.device1.dp222;;;;0;
subsystem2.device1.dp223;;;;0;
subsystem2.device1.dp224;;;;0;
subsystem2.device1.dp225;;;;0;
subsystem2.device1.dp226;;;;0;
subsystem2.device1.dp227;;;;0;
subsystem2.device1.dp228;;;;0;
subsystem2.device1.dp229;;;;0;
subsystem2.device1.dp23;;;;0;
subsystem2.device1.dp230;;;;0;
subsystem2.device1.dp231;;;;0;
subsystem2.device1.dp232;;;;0;
subsystem2.device1.dp233;;;;0;
subsystem2.device1.dp234;;;;0;
subsystem2.device1.dp235;;;;0;
subsystem2.device1.dp236;;;;0;
subsystem2.device1.dp237;;;;0;
subsystem2.device1.dp238;;;;0;
subsystem2.device1.dp239;;;;0;
subsystem2.device1.dp24;;;;0;
subsystem2.device1.dp240;;;;0;
subsystem2.device1.dp241;;;;0;
subsystem2.device1.dp242;;;;0;
subsystem2.device1.dp243;;;;0;
subsystem2.device1.dp244;;;;0;
subsystem2.device1.dp245;;;;0;
subsystem2.device1.dp246;;;;0;
subsystem2.device1.dp247;;;;0;
subsystem2.device1.dp248;;;;0;
subsystem2.device1.dp249;;;;0;
subsystem2.device1.dp25;;;;0;
subsystem2.device1.dp250;;;;0;
subsystem2.device1.dp26;;;;0;
subsystem2.device1.dp27;;;;0;
subsystem2.device1.dp28;;;;0;
subsystem2.device1.dp29;;;;0;
subsystem2.device1.dp3;;;;0;
subsystem2.device1.dp30;;;;0;
subsystem2.device1.dp31;;;;0;
subsystem2.device1.dp32;;;;0;
subsystem2.device1.dp33;;;;0;
subsystem2.device1.dp34;;;;0;
subsystem2.device1.dp35;;;;0;
subsystem2.device1.dp36;;;;0;
subsystem2.device1.dp37;;;;0;
subsystem2.device1.dp38;;;;0;
subsystem2.device1.dp39;;;;0;
subsystem2.device1.dp4;;;;0;
subsystem2.device1.dp40;;;;0;
subsystem2.device1.dp41;;;;0;
subsystem2.device1.dp42;;;;0;
subsystem2.device1.dp43;;;;0;
subsystem2.device1.dp44;;;;0;
subsystem2.device1.dp45;;;;0;
subsystem2.device1.dp46;;;;0;
subsystem2.device1.dp47;;;;0;
subsystem2.device1.dp48;;;;0;
subsystem2.device1.dp49;;;;0;
subsystem2.device1.dp5;;;;0;
subsystem2.device1.dp50;;;;0;
subsystem2.device1.dp51;;;;0;
subsystem2.device1.dp52;;;;0;
subsystem2.device1.dp53;;;;0;
subsystem2.device1.dp54;;;;0;
subsystem2.device1.dp55;;;;0;
subsystem2.device1.dp56;;;;0;
subsystem2.device1.dp57;;;;0;
subsystem2.device1.dp58;;;;0;
subsystem2.device1.dp59;;;;0;
subsystem2.device1.dp6;;;;0;
subsystem2.device1.dp60;;;;0;
subsystem2.device1.dp61;;;;0;
subsystem2.device1.dp62;;;;0;
subsystem2.device1.dp63;;;;0;
subsystem2.device1.dp64;;;;0;
subsystem2.device1.dp65;;;;0;
subsystem2.device1.dp66;;;;0;
subsystem2.device1.dp67;;;;0;
subsystem2.device1.dp68;;;;0;
subsystem2.device1.dp69;;;;0;
subsystem2.device1.dp7;;;;0;
subsystem2.device1.dp70;;;;0;
subsystem2.device1.dp71;;;;0;
subsystem2.device1.dp72;;;;0;
subsystem2.device1.dp73;;;;0;
subsystem2.device1.dp74;;;;0;
subsystem2.device1.dp75;;;;0;
subsystem2.device1.dp76;;;;0;
subsystem2.device1.dp77;;;;0;
subsystem2.device1.dp78;;;;0;
subsystem2.device1.dp79;;;;0;
subsystem2.device1.dp8;;;;0;
subsystem2.device1.dp80;;;;0;
subsystem2.device1.dp81;;;;0;
subsystem2.device1.dp82;;;;0;
subsystem2.device1.dp83;;;;0;
subsystem2.device1.dp84;;;;0;
subsystem2.device1.dp85;;;;0;
subsystem2.device1.dp86;;;;0;
subsystem2.device1.dp87;;;;0;
subsystem2.device1.dp88;;;;0;
subsystem2.device1.dp89;;;;0;
subsystem2.device1.dp9;;;;0;
subsystem2.device1.dp90;;;;0;
subsystem2.device1.dp91;;;;0;
subsystem2.device1.dp92;;;;0;
subsystem2.device1.dp93;;;;0;
subsystem2.device1.dp94;;;;0;
subsystem2.device1.dp95;;;;0;
subsystem2.device1.dp96;;;;0;
subsystem2.device1.dp97;;;;0;
subsystem2.device1.dp98;;;;0;
subsystem2.device1.dp99;;;;0;
subsystem2.device2.dp1;;;;0;
subsystem2.device2.dp10;;;;0;
subsystem2.device2.dp100;;;;0;
subsystem2.device2.dp101;;;;0;
subsystem2.device2.dp102;;;;0;
subsystem2.device2.dp103;;;;0;
subsystem2.device2.dp104;;;;0;
subsystem2.device2.dp105;;;;0;
subsystem2.device2.dp106;;;;0;
subsystem2.device2.dp107;;;;0;
subsystem2.device2.dp108;;;;0;
subsystem2.device2.dp109;;;;0;
subsystem2.device2.dp11;;;;0;
subsystem2.device2.dp110;;;;0;
subsystem2.device2.dp111;;;;0;
subsystem2.device2.dp112;;;;0;
subsystem2.device2.dp113;;;;0;
subsystem2.device2.dp114;;;;0;
subsystem2.device2.dp115;;;;0;
subsystem2.device2.dp116;;;;0;
subsystem2.device2.dp117;;;;0;
subsystem2.device2.dp118;;;;0;
subsystem2.device2.dp119;;;;0;
subsystem2.device2.dp12;;;;0;
subsystem2.device2.dp120;;;;0;
subsystem2.device2.dp121;;;;0;
subsystem2.device2.dp122;;;;0;
subsystem2.device2.dp123;;;;0;
subsystem2.device2.dp124;;;;0;
subsystem2.device2.dp125;;;;0;
subsystem2.device2.dp126;;;;0;
subsystem2.device2.dp127;;;;0;
subsystem2.device2.dp128;;;;0;
subsystem2.device2.dp129;;;;0;
subsystem2.device2.dp13;;;;0;
subsystem2.device2.dp130;;;;0;
subsystem2.device2.dp131;;;;0;
subsystem2.device2.dp132;;;;0;
subsystem2.device2.dp133;;;;0;
subsystem2.device2.dp134;;;;0;
subsystem2.device2.dp135;;;;0;
subsystem2.device2.dp136;;;;0;
subsystem2.device2.dp137;;;;0;
subsystem2.device2.dp138;;;;0;
subsystem2.device2.dp139;;;;0;
subsystem2.device2.dp14;;;;0;
subsystem2.device2.dp140;;;;0;
subsystem2.device2.dp141;;;;0;
subsystem2.device2.dp142;;;;0;
subsystem2.device2.dp143;;;;0;
subsystem2.device2.dp144;;;;0;
subsystem2.device2.dp145;;;;0;
subsystem2.device2.dp146;;;;0;
subsystem2.device2.dp147;;;;0;
subsystem2.device2.dp148;;;;0;
subsystem2.device2.dp149;;;;0;
subsystem2.device2.dp15;;;;0;
subsystem2.device2.dp150;;;;0;
subsystem2.device2.dp151;;;;0;
subsystem2.device2.dp152;;;;0;
subsystem2.device2.dp153;;;;0;
subsystem2.device2.dp154;;;;0;
subsystem2.device2.dp155;;;;0;
subsystem2.device2.dp156;;;;0;
subsystem2.device2.dp157;;;;0;
subsystem2.device2.dp158;;;;0;
subsystem2.device2.dp159;;;;0;
subsystem2.device2.dp16;;;;0;
subsystem2.device2.dp160;;;;0;
subsystem2.device2.dp161;;;;0;
subsystem2.device2.dp162;;;;0;
subsystem2.device2.dp163;;;;0;
subsystem2.device2.dp164;;;;0;
subsystem2.device2.dp165;;;;0;
subsystem2.device2.dp166;;;;0;
subsystem2.device2.dp167;;;;0;
subsystem2.device2.dp168;;;;0;
subsystem2.device2.dp169;;;;0;
subsystem2.device2.dp17;;;;0;
subsystem2.device2.dp170;;;;0;
subsystem2.device2.dp171;;;;0;
subsystem2.device2.dp172;;;;0;
subsystem2.device2.dp173;;;;0;
subsystem2.device2.dp174;;;;0;
subsystem2.device2.dp175;;;;0;
subsystem2.device2.dp176;;;;0;
subsystem2.device2.dp177;;;;0;
subsystem2.device2.dp178;;;;0;
subsystem2.device2.dp179;;;;0;
subsystem2.device2.dp18;;;;0;
subsystem2.device2.dp180;;;;0;
subsystem2.device2.dp181;;;;0;
subsystem2.device2.dp182;;;;0;
subsystem2.device2.dp183;;;;0;
subsystem2.device2.dp184;;;;0;
subsystem2.device2.dp185;;;;0;
subsystem2.device2.dp186;;;;0;
subsystem2.device2.dp187;;;;0;
subsystem2.device2.dp188;;;;0;
subsystem2.device2.dp189;;;;0;
subsystem2.device2.dp19;;;;0;
subsystem2.device2.dp190;;;;0;
subsystem2.device2.dp191;;;;0;
subsystem2.device2.dp192;;;;0;
subsystem2.device2.dp193;;;;0;
subsystem2.device2.dp194;;;;0;
subsystem2.device2.dp195;;;;0;
subsystem2.device2.dp196;;;;0;
subsystem2.device2.dp197;;;;0;
subsystem2.device2.dp198;;;;0;
subsystem2.device2.dp199;;;;0;
subsystem2.device2.dp2;;;;0;
subsystem2.device2.dp20;;;;0;
subsystem2.device2.dp200;;;;0;
subsystem2.device2.dp201;;;;0;
subsystem2.device2.dp202;;;;0;
subsystem2.device2.dp203;;;;0;
subsystem2.device2.dp204;;;;0;
subsystem2.device2.dp205;;;;0;
subsystem2.device2.dp206;;;;0;
subsystem2.device2.dp207;;;;0;
subsystem2.device2.dp208;;;;0;
subsystem2.device2.dp209;;;;0;
subsystem2.device2.dp21;;;;0;
subsystem2.device2.dp210;;;;0;
subsystem2.device2.dp211;;;;0;
subsystem2.device2.dp212;;;;0;
subsystem2.device2.dp213;;;;0;
subsystem2.device2.dp214;;;;0;
subsystem2.device2.dp215;;;;0;
subsystem2.device2.dp216;;;;0;
subsystem2.device2.dp217;;;;0;
subsystem2.device2.dp218;;;;0;
subsystem2.device2.dp219;;;;0;
subsystem2.device2.dp22;;;;0;
subsystem2.device2.dp220;;;;0;
subsystem2.device2.dp221;;;;0;
subsystem2.device2.dp222;;;;0;
subsystem2.device2.dp223;;;;0;
subsystem2.device2.dp224;;;;0;
subsystem2.device2.dp225;;;;0;
subsystem2.device2.dp226;;;;0;
subsystem2.device2.dp227;;;;0;
subsystem2.device2.dp228;;;;0;
subsystem2.device2.dp229;;;;0;
subsystem2.device2.dp23;;;;0;
subsystem2.device2.dp230;;;;0;
subsystem2.device2.dp231;;;;0;
subsystem2.device2.dp232;;;;0;
subsystem2.device2.dp233;;;;0;
subsystem2.device2.dp234;;;;0;
subsystem2.device2.dp235;;;;0;
subsystem2.device2.dp236;;;;0;
subsystem2.device2.dp237;;;;0;
subsystem2.device2.dp238;;;;0;
subsystem2.device2.dp239;;;;0;
subsystem2.device2.dp24;;;;0;
subsystem2.device2.dp240;;;;0;
subsystem2.device2.dp241;;;;0;
subsystem2.device2.dp242;;;;0;
subsystem2.device2.dp243;;;;0;
subsystem2.device2.dp244;;;;0;
subsystem2.device2.dp245;;;;0;
subsystem2.device2.dp246;;;;0;
subsystem2.device2.dp247;;;;0;
subsystem2.device2.dp248;;;;0;
subsystem2.device2.dp249;;;;0;
subsystem2.device2.dp25;;;;0;
subsystem2.device2.dp250;;;;0;
subsystem2.device2.dp26;;;;0;
subsystem2.device2.dp27;;;;0;
subsystem2.device2.dp28;;;;0;
subsystem2.device2.dp29;;;;0;
subsystem2.device2.dp299;;;;0;
subsystem2.device2.dp3;;;;0;
subsystem2.device2.dp30;;;;0;
subsystem2.device2.dp31;;;;0;
subsystem2.device2.dp32;;;;0;
subsystem2.device2.dp33;;;;0;
subsystem2.device2.dp34;;;;0;
subsystem2.device2.dp35;;;;0;
subsystem2.device2.dp36;;;;0;
subsystem2.device2.dp37;;;;0;
subsystem2.device2.dp38;;;;0;
subsystem2.device2.dp39;;;;0;
subsystem2.device2.dp4;;;;0;
subsystem2.device2.dp40;;;;0;
subsystem2.device2.dp41;;;;0;
subsystem2.device2.dp42;;;;0;
subsystem2.device2.dp43;;;;0;
subsystem2.device2.dp44;;;;0;
subsystem2.device2.dp45;;;;0;
subsystem2.device2.dp46;;;;0;
subsystem2.device2.dp47;;;;0;
subsystem2.device2.dp48;;;;0;
subsystem2.device2.dp49;;;;0;
subsystem2.device2.dp5;;;;0;
subsystem2.device2.dp50;;;;0;
subsystem2.device2.dp51;;;;0;
subsystem2.device2.dp52;;;;0;
subsystem2.device2.dp53;;;;0;
subsystem2.device2.dp54;;;;0;
subsystem2.device2.dp55;;;;0;
subsystem2.device2.dp56;;;;0;
subsystem2.device2.dp57;;;;0;
subsystem2.device2.dp58;;;;0;
subsystem2.device2.dp59;;;;0;
subsystem2.device2.dp6;;;;0;
subsystem2.device2.dp60;;;;0;
subsystem2.device2.dp61;;;;0;
subsystem2.device2.dp62;;;;0;
subsystem2.device2.dp63;;;;0;
subsystem2.device2.dp64;;;;0;
subsystem2.device2.dp65;;;;0;
subsystem2.device2.dp66;;;;0;
subsystem2.device2.dp67;;;;0;
subsystem2.device2.dp68;;;;0;
subsystem2.device2.dp69;;;;0;
subsystem2.device2.dp7;;;;0;
subsystem2.device2.dp70;;;;0;
subsystem2.device2.dp71;;;;0;
subsystem2.device2.dp72;;;;0;
subsystem2.device2.dp73;;;;0;
subsystem2.device2.dp74;;;;0;
subsystem2.device2.dp75;;;;0;
subsystem2.device2.dp76;;;;0;
subsystem2.device2.dp77;;;;0;
subsystem2.device2.dp78;;;;0;
subsystem2.device2.dp79;;;;0;
subsystem2.device2.dp8;;;;0;
subsystem2.device2.dp80;;;;0;
subsystem2.device2.dp81;;;;0;
subsystem2.device2.dp82;;;;0;
subsystem2.device2.dp83;;;;0;
subsystem2.device2.dp84;;;;0;
subsystem2.device2.dp85;;;;0;
subsystem2.device2.dp86;;;;0;
subsystem2.device2.dp87;;;;0;
subsystem2.device2.dp88;;;;0;
subsystem2.device2.dp89;;;;0;
subsystem2.device2.dp9;;;;0;
subsystem2.device2.dp90;;;;0;
subsystem2.device2.dp91;;;;0;
subsystem2.device2.dp92;;;;0;
subsystem2.device2.dp93;;;;0;
subsystem2.device2.dp94;;;;0;
subsystem2.device2.dp95;;;;0;
subsystem2.device2.dp96;;;;0;
subsystem2.device2.dp97;;;;0;
subsystem2.device2.dp98;;;;0;